electron/database.ts(36,19): error TS2554: Expected 2 arguments, but got 1.
electron/ElectronPlatformAdapter.ts(5,25): error TS2307: Cannot find module 'fluent-ffmpeg' or its corresponding type declarations.
electron/main.ts(561,27): error TS2339: Property 'importMediaBatch' does not exist on type 'LibraryStore'.
electron/main.ts(1824,20): error TS2339: Property 'getAuditLogs' does not exist on type 'LibraryStore'.
electron/server.ts(291,39): error TS2339: Property 'get' does not exist on type 'LibraryStore'.
electron/server.ts(300,43): error TS2339: Property 'get' does not exist on type 'LibraryStore'.
electron/server.ts(323,39): error TS2339: Property 'get' does not exist on type 'LibraryStore'.
electron/server.ts(381,45): error TS2339: Property 'updateDescription' does not exist on type 'LibraryStore'.
electron/server.ts(397,49): error TS2551: Property 'addTagsToMedia' does not exist on type 'LibraryStore'. Did you mean 'addTagToMedia'?
electron/server.ts(445,55): error TS2339: Property 'updateArtist' does not exist on type 'LibraryStore'.
electron/server.ts(446,60): error TS2339: Property 'updateDescription' does not exist on type 'LibraryStore'.
electron/server.ts(450,33): error TS2339: Property 'updateFileName' does not exist on type 'LibraryStore'.
electron/server.ts(468,29): error TS2339: Property 'deleteMediaFilesPermanently' does not exist on type 'LibraryStore'.
electron/server.ts(471,29): error TS2339: Property 'moveToTrash' does not exist on type 'LibraryStore'.
electron/server.ts(489,33): error TS2551: Property 'addTagsToMedia' does not exist on type 'LibraryStore'. Did you mean 'addTagToMedia'?
src/core/types.ts(2,73): error TS6133: 'Library' is declared but its value is never read.
src/hooks/usePlayer.ts(18,65): error TS6133: 'hasNext' is declared but its value is never read.
src/hooks/usePlayer.ts(48,12): error TS6133: 'exclusiveMode' is declared but its value is never read.
src/hooks/usePlayer.ts(83,11): error TS6133: 'onPrevRef' is declared but its value is never read.
src/utils/audioDSP.ts(15,31): error TS6133: 'amount' is declared but its value is never read.
src/utils/audioDSP.ts(50,19): error TS6133: 'sign' is declared but its value is never read.
